// Jest Snapshot v1, https://goo.gl/fbAQLP

exports[`Header test should render 1`] = `
<AppBar
  className="header"
  iconElementLeft={<GithubButton />}
  iconElementRight={
    <NewGameButton
      createNewGameHandler={[Function]}
    />
  }
  showMenuIconButton={true}
  title="Tic Tac Toe"
  zDepth={1}
/>
`;
